08-03 12:57:20.756   532  5716 D CCodecConfig:   c2::u32 output.large-frame.threshold-size = 0
08-03 12:57:20.756   532  5716 D CCodecConfig:   string output.media-type.value = "audio/raw"
08-03 12:57:20.756   532  5716 D CCodecConfig:   c2::u32 raw.channel-count.value = 1
08-03 12:57:20.756   532  5716 D CCodecConfig:   c2::u32 raw.channel-mask.value = 0
08-03 12:57:20.756   532  5716 D CCodecConfig:   c2::u32 raw.max-channel-count.value = 8
08-03 12:57:20.756   532  5716 D CCodecConfig:   c2::u32 raw.sample-rate.value = 44100
08-03 12:57:20.756   532  5716 D CCodecConfig: }
08-03 12:57:20.756   532  5717 I CCodecConfig: query failed after returning 12 values (BAD_INDEX)
08-03 12:57:20.757   532  5717 D CCodecConfig: c2 config diff is Dict {
08-03 12:57:20.757   532  5717 D CCodecConfig:   c2::u32 coded.pl.level = 20496
08-03 12:57:20.757   532  5717 D CCodecConfig:   c2::u32 coded.pl.profile = 20481
08-03 12:57:20.757   532  5717 D CCodecConfig:   c2::u32 coded.vui.color.matrix = 0
08-03 12:57:20.757   532  5717 D CCodecConfig:   c2::u32 coded.vui.color.primaries = 0
08-03 12:57:20.757   532  5717 D CCodecConfig:   c2::u32 coded.vui.color.range = 2
08-03 12:57:20.757   532  5717 D CCodecConfig:   c2::u32 coded.vui.color.transfer = 0
08-03 12:57:20.757   532  5717 D CCodecConfig:   c2::u32 default.color.matrix = 0
08-03 12:57:20.757   532  5717 D CCodecConfig:   c2::u32 default.color.primaries = 0
08-03 12:57:20.757   532  5717 D CCodecConfig:   c2::u32 default.color.range = 0
08-03 12:57:20.757   532  5717 D CCodecConfig:   c2::u32 default.color.transfer = 0
08-03 12:57:20.757   532  5717 D CCodecConfig:   c2::u32 input.buffers.max-size.value = 6291456
08-03 12:57:20.757   532  5717 D CCodecConfig:   c2::u32 input.delay.value = 0
08-03 12:57:20.757   532  5717 D CCodecConfig:   string input.media-type.value = "video/avc"
08-03 12:57:20.757   532  5717 D CCodecConfig:   c2::u32 output.delay.value = 8
08-03 12:57:20.757   532  5717 D CCodecConfig:   string output.media-type.value = "video/raw"
08-03 12:57:20.757   532  5717 D CCodecConfig:   c2::u32 raw.color.matrix = 0
08-03 12:57:20.757   532  5717 D CCodecConfig:   c2::u32 raw.color.primaries = 0
08-03 12:57:20.757   532  5717 D CCodecConfig:   c2::u32 raw.color.range = 2
08-03 12:57:20.757   532  5717 D CCodecConfig:   c2::u32 raw.color.transfer = 0
08-03 12:57:20.757   532  5717 D CCodecConfig:   c2::u32 raw.max-size.height = 240
08-03 12:57:20.757   532  5717 D CCodecConfig:   c2::u32 raw.max-size.width = 320
08-03 12:57:20.757   532  5717 D CCodecConfig:   c2::u32 raw.pixel-format.value = 35
08-03 12:57:20.757   532  5717 D CCodecConfig:   c2::i32 raw.rotation.flip = 0
08-03 12:57:20.757   532  5717 D CCodecConfig:   c2::i32 raw.rotation.value = 0
08-03 12:57:20.757   532  5717 D CCodecConfig:   c2::u32 raw.sar.height = 1
08-03 12:57:20.757   532  5717 D CCodecConfig:   c2::u32 raw.sar.width = 1
08-03 12:57:20.757   532  5717 D CCodecConfig:   c2::u32 raw.size.height = 240
08-03 12:57:20.757   532  5717 D CCodecConfig:   c2::u32 raw.size.width = 320
08-03 12:57:20.757   532  5717 D CCodecConfig:   c2:
08-03 12:57:20.757   532  5717 W ColorUtils: expected specified color aspects (2:0:0:0)
08-03 12:57:20.757   532  5716 D CCodec  : [c2.android.aac.decoder] buffers are bound to CCodec for this session
08-03 12:57:20.757   532  5716 D CCodecConfig: no c2 equivalents for durationUs
08-03 12:57:20.757   532  5716 D CCodecConfig: no c2 equivalents for track-id
08-03 12:57:20.757   532  5716 D CCodecConfig: no c2 equivalents for language
08-03 12:57:20.757   532  5716 D CCodecConfig: no c2 equivalents for encoder-delay
08-03 12:57:20.757   532  5716 D CCodecConfig: no c2 equivalents for encoder-padding
08-03 12:57:20.757   532  5716 D CCodecConfig: no c2 equivalents for flags
08-03 12:57:20.758   532  5713 D SurfaceUtils: disconnecting from surface 0xf6303738, reason onConfigure
08-03 12:57:20.758   545  1699 E Codec2-ComponentInterface: We have a failed config
08-03 12:57:20.758   532  5716 D CCodecConfig: config failed => CORRUPTED
08-03 12:57:20.758   532  5716 D CCodecConfig: c2 config diff is   c2::u32 raw.channel-count.value = 2
08-03 12:57:20.761   425  4180 D android.hardware.audio@7.1-impl.ranchu: threadLoop: entering standby, frames: 4267136
08-03 12:57:20.761   425  4180 D android.hardware.audio@7.1-impl.ranchu: ~TinyalsaSink: stopping PCM stream
08-03 12:57:20.761   425  4180 D android.hardware.audio@7.1-impl.ranchu: ~TinyalsaSink: joining consumeThread
08-03 12:57:20.762   425  5690 D android.hardware.audio@7.1-impl.ranchu: consumeThread: exiting
08-03 12:57:20.763   532  5714 D SurfaceUtils: connecting to surface 0xf6303738, reason connectToSurface
08-03 12:57:20.763   532  5716 W Codec2Client: query -- param skipped: index = 1107298332.
08-03 12:57:20.763   532  5716 D CCodec  : client requested max input size 335, which is smaller than what component recommended (8192); overriding with component recommendation.
08-03 12:57:20.763   532  5716 W CCodec  : This behavior is subject to change. It is recommended that app developers double check whether the requested max input size is in reasonable range.
08-03 12:57:20.764   532  5716 D CCodec  : encoding statistics level = 0
08-03 12:57:20.764   532  5714 I MediaCodec: [c2.goldfish.h264.decoder] setting surface generation to 544770
08-03 12:57:20.764   532  5714 D SurfaceUtils: disconnecting from surface 0xf6303738, reason connectToSurface(reconnect)
08-03 12:57:20.764   532  5716 D CCodec  : setup formats input: AMessage(what = 0x00000000) = {
08-03 12:57:20.764   532  5716 D CCodec  :   int32_t aac-drc-album-mode = 0
08-03 12:57:20.764   532  5716 D CCodec  :   int32_t aac-drc-boost-level = 127
08-03 12:57:20.764   532  5716 D CCodec  :   int32_t aac-drc-cut-level = 127
08-03 12:57:20.764   532  5716 D CCodec  :   int32_t aac-drc-effect-type = 3
08-03 12:57:20.764   532  5716 D CCodec  :   int32_t aac-encoded-target-level = -1
08-03 12:57:20.764   532  5716 D CCodec  :   int32_t aac-max-output-channel_count = 8
08-03 12:57:20.764   532  5716 D CCodec  :   int32_t aac-target-ref-level = 64
08-03 12:57:20.764   532  5716 D CCodec  :   int32_t bitrate = 64000
08-03 12:57:20.764   532  5716 D CCodec  :   int32_t channel-count = 2
08-03 12:57:20.764   532  5716 D CCodec  :   int32_t channel-mask = 0
08-03 12:57:20.764   532  5716 D CCodec  :   int32_t level = 0
08-03 12:57:20.764   532  5716 D CCodec  :   int32_t max-input-size = 8192
08-03 12:57:20.764   532  5716 D CCodec  :   int32_t max-output-channel-count = 8
08-03 12:57:20.764   532  5716 D CCodec  :   string mime = "audio/mp4a-latm"
08-03 12:57:20.764   532  5716 D CCodec  :   int32_t profile = 2
08-03 12:57:20.764   532  5716 D CCodec  :   int32_t sample-rate = 44100
08-03 12:57:20.764   532  5716 D CCodec  : }
08-03 12:57:20.764   532  5714 D SurfaceUtils: connecting to surface 0xf6303730, reason connectToSurface(reconnect-with-listener)
08-03 12:57:20.764   532  5716 D CCodec  : setup formats output: AMessage(what = 0x00000000) = {
08-03 12:57:20.764   532  5716 D CCodec  :   int32_t aac-drc-album-mode = 0
08-03 12:57:20.764   532  5716 D CCodec  :   int32_t aac-drc-boost-level = 127
08-03 12:57:20.764   532  5716 D CCodec  :   int32_t aac-drc-cut-level = 127
08-03 12:57:20.764   532  5716 D CCodec  :   int32_t aac-drc-effect-type = 3
08-03 12:57:20.764   532  5716 D CCodec  :   int32_t aac-drc-output-loudness = -1
08-03 12:57:20.764   532  5716 D CCodec  :   int32_t aac-encoded-target-level = -1
08-03 12:57:20.764   532  5716 D CCodec  :   int32_t aac-max-output-channel_count = 8
08-03 12:57:20.764   532  5716 D CCodec  :   int32_t aac-target-ref-level = 64
08-03 12:57:20.764   532  5716 D CCodec  :   int32_t buffer-batch-max-output-size = 0
08-03 12:57:20.764   532  5716 D CCodec  :   int32_t buffer-batch-threshold-output-size = 0
08-03 12:57:20.764   532  5716 D CCodec  :   int32_t channel-count = 2
08-03 12:57:20.764   532  5716 D CCodec  :   int32_t channel-mask = 0
08-03 12:57:20.764   532  5716 D CCodec  :   int32_t max-output-channel-count = 8
08-03 12:57:20.764   532  5716 D CCodec  :   string mime = "audio/raw"
08-03 12:57:20.764   532  5716 D CCodec  :   int32_t sample-rate = 44100
08-03 12:57:20.764   532  5716 D CCodec  :   int32_t encoder-delay = 0
08-03 12:57:20.764   532  5716 D CCodec  :   int32_t encoder-padding = 0
08-03 12:57:20.764   532  5716 D CCodec  :   int32_t android._config-pcm-encoding = 2
08-03 12:57:20.764   532  5716 D CCodec  : }
08-03 12:57:20.768   532  5716 I CCodecConfig: query failed after returning 21 values (BAD_INDEX)
08-03 12:57:20.769   532  5716 E mediaserver: Failed to query component interface for required system resources: 6
08-03 12:57:20.769   532  5716 I MediaCodec: MediaCodec will operate in async mode
08-03 12:57:20.769   532  5715 D MediaCodec: keep callback message for reclaim
08-03 12:57:20.769   532  5716 W Codec2Client: query -- param skipped: index = 1342179345.
08-03 12:57:20.770   532  5716 W Codec2Client: query -- param skipped: index = 2415921170.
08-03 12:57:20.770   532  5716 W Codec2Client: query -- param skipped: index = 1610614798.
08-03 12:57:20.771   545  1699 D BufferPoolAccessor2.0: bufferpool2 0xe6f861e8 : 0(0 size) total buffers - 0(0 size) used buffers - 100/104 (recycle/alloc) - 4/104 (fetch/transfer)
08-03 12:57:20.771   545  1699 D BufferPoolAccessor2.0: Destruction - bufferpool2 0xe6f861e8 cached: 0/0M, 0/0% in use; allocs: 104, 96% recycled; transfers: 104, 96% unfetched
08-03 12:57:20.771   532  5716 D CCodecBufferChannel: [c2.android.aac.decoder#273] Created input block pool with allocatorID 16 => poolID 19 - OK (0)
08-03 12:57:20.775   532  5716 I CCodecBufferChannel: [c2.android.aac.decoder#273] Created output block pool with allocatorID 16 => poolID 32 - OK
08-03 12:57:20.775   532  5716 D CCodecBufferChannel: [c2.android.aac.decoder#273] Configured output block pool ids 32 => OK
08-03 12:57:20.775   545  1699 E Codec2-ComponentInterface: We have a failed config
08-03 12:57:20.776   545  5718 D SimpleC2Component: Using output block pool with poolID 32 => got 32 - 0
08-03 12:57:20.781   545  5718 I C2SoftAacDec: Reconfiguring decoder: 0->44100 Hz, 0->2 channels
08-03 12:57:20.790   532  5717 I CCodecBufferChannel: Using latch times for frame rendered signals - present fences not supported
08-03 12:57:20.790   532  5717 D CCodec  : [c2.goldfish.h264.decoder] buffers are bound to CCodec for this session
08-03 12:57:20.791   532  5717 D CCodecConfig: no c2 equivalents for durationUs
08-03 12:57:20.792   532  5717 D CCodecConfig: no c2 equivalents for frame-count
08-03 12:57:20.792   532  5717 D CCodecConfig: no c2 equivalents for track-id
08-03 12:57:20.792   532  5717 D CCodecConfig: no c2 equivalents for language
08-03 12:57:20.792   532  5717 D CCodecConfig: no c2 equivalents for display-width
08-03 12:57:20.792   532  5717 D CCodecConfig: no c2 equivalents for display-height
08-03 12:57:20.792   532  5717 D CCodecConfig: no c2 equivalents for csd-1
08-03 12:57:20.792   532  5717 D CCodecConfig: no c2 equivalents for auto-frc
08-03 12:57:20.792   532  5717 D CCodecConfig: no c2 equivalents for native-window
08-03 12:57:20.792   532  5717 D CCodecConfig: no c2 equivalents for native-window-generation
08-03 12:57:20.792   532  5717 D CCodecConfig: no c2 equivalents for flags
08-03 12:57:20.792   532  5717 D CCodecConfig: config failed => CORRUPTED
08-03 12:57:20.793   532  5717 D CCodecConfig: c2 config diff is   c2::u32 coded.pl.level = 20489
08-03 12:57:20.793   532  5717 D CCodecConfig:   c2::u32 coded.pl.profile = 20482
08-03 12:57:20.793   532  5717 D CCodecConfig:   c2::u32 raw.size.height = 852
08-03 12:57:20.793   532  5717 D CCodecConfig:   c2::u32 raw.size.width = 480
08-03 12:57:20.793   532  5716 D CCodecConfig: c2 config diff is   c2::u32 raw.channel-mask.value = 12
08-03 12:57:20.793   532  5716 D CCodecBuffers: [c2.android.aac.decoder#273:Output[N]] popFromStashAndRegister: at 0us, output format changed to AMessage(what = 0x00000000) = {
08-03 12:57:20.793   532  5716 D CCodecBuffers:   int32_t aac-drc-album-mode = 0
08-03 12:57:20.793   532  5716 D CCodecBuffers:   int32_t aac-drc-boost-level = 127
08-03 12:57:20.793   532  5716 D CCodecBuffers:   int32_t aac-drc-cut-level = 127
08-03 12:57:20.793   532  5716 D CCodecBuffers:   int32_t aac-drc-effect-type = 3
08-03 12:57:20.793   532  5716 D CCodecBuffers:   int32_t aac-drc-output-loudness = -1
08-03 12:57:20.793   532  5716 D CCodecBuffers:   int32_t aac-encoded-target-level = -1
08-03 12:57:20.793   532  5716 D CCodecBuffers:   int32_t aac-max-output-channel_count = 8
08-03 12:57:20.793   532  5716 D CCodecBuffers:   int32_t aac-target-ref-level = 64
08-03 12:57:20.793   532  5716 D CCodecBuffers:   int32_t buffer-batch-max-output-size = 0
08-03 12:57:20.793   532  5716 D CCodecBuffers:   int32_t buffer-batch-threshold-output-size = 0
08-03 12:57:20.793   532  5716 D CCodecBuffers:   int32_t channel-count = 2
08-03 12:57:20.793   532  5716 D CCodecBuffers:   int32_t channel-mask = 12
08-03 12:57:20.793   532  5716 D CCodecBuffers:   int32_t max-output-channel-count = 8
08-03 12:57:20.793   532  5716 D CCodecBuffers:   string mime = "audio/raw"
08-03 12:57:20.793   532  5716 D CCodecBuffers:   int32_t sample-rate = 44100
08-03 12:57:20.793   532  5716 D CCodecBuffers:   int32_t encoder-delay = 0
08-03 12:57:20.793   532  5716 D CCodecBuffers:   int32_t encoder-padding = 0
08-03 12:57:20.793   532  5716 D CCodecBuffers:   int32_t android._config-pcm-encoding = 2
08-03 12:57:20.793   532  5716 D CCodecBuffers: }
08-03 12:57:20.793   532  5717 W Codec2Client: query -- param skipped: index = 1107298332.
08-03 12:57:20.794   532  5717 D CCodec  : client requested max input size 16042, which is smaller than what component recommended (6291456); overriding with component recommendation.
08-03 12:57:20.794   532  5717 W CCodec  : This behavior is subject to change. It is recommended that app developers double check whether the requested max input size is in reasonable range.
08-03 12:57:20.794   532  5717 D CCodec  : encoding statistics level = 0
08-03 12:57:20.794   532  5717 D CCodec  : setup formats input: AMessage(what = 0x00000000) = {
08-03 12:57:20.794   532  5717 D CCodec  :   int32_t height = 852
08-03 12:57:20.794   532  5717 D CCodec  :   int32_t level = 512
08-03 12:57:20.794   532  5717 D CCodec  :   int32_t max-input-size = 6291456
08-03 12:57:20.794   532  5717 D CCodec  :   string mime = "video/avc"
08-03 12:57:20.794   532  5717 D CCodec  :   int32_t profile = 2
08-03 12:57:20.794   532  5717 D CCodec  :   int32_t width = 480
08-03 12:57:20.794   532  5717 D CCodec  :   Rect crop(0, 0, 479, 851)
08-03 12:57:20.794   532  5717 D CCodec  : }
08-03 12:57:20.794   532  5717 D CCodec  : setup formats output: AMessage(what = 0x00000000) = {
08-03 12:57:20.794   532  5717 D CCodec  :   int32_t android._color-format = 2135033992
08-03 12:57:20.794   532  5717 D CCodec  :   int32_t android._video-scaling = 1
08-03 12:57:20.794   532  5717 D CCodec  :   int32_t rotation-degrees = 0
08-03 12:57:20.794   532  5717 D CCodec  :   int32_t color-standard = 1
08-03 12:57:20.794   532  5717 D CCodec  :   int32_t color-range = 2
08-03 12:57:20.794   532  5717 D CCodec  :   int32_t color-transfer = 3
08-03 12:57:20.794   532  5717 D CCodec  :   int32_t sar-height = 1
08-03 12:57:20.794   532  5717 D CCodec  :   int32_t sar-width = 1
08-03 12:57:20.794   532  5717 D CCodec  :   Rect crop(0, 0, 479, 851)
08-03 12:57:20.794   532  5717 D CCodec  :   int32_t width = 480
08-03 12:57:20.794   532  5717 D CCodec  :   int32_t height = 852
08-03 12:57:20.794   532  5717 D CCodec  :   int32_t max-height = 240
08-03 12:57:20.794   532  5717 D CCodec  :   int32_t max-width = 320
08-03 12:57:20.794   532  5717 D CCodec  :   string mime = "video/raw"
08-03 12:57:20.794   532  5717 D CCodec  :   int32_t android._dataspace = 260
08-03 12:57:20.794   532  5717 D CCodec  :   int32_t color-format = 2130708361
08-03 12:57:20.794   532  5717 D CCodec  : }
08-03 12:57:20.794   532  5717 I CCodecConfig: query failed after returning 12 values (BAD_INDEX)
08-03 12:57:20.794   532  5717 D CCodecConfig: c2 config diff is   c2::u32 raw.max-size.height = 852
08-03 12:57:20.794   532  5717 D CCodecConfig:   c2::u32 raw.max-size.width = 480
08-03 12:57:20.795   532  5717 E mediaserver: Failed to query component interface for required system resources: 6
08-03 12:57:20.796   532  5714 I MediaCodec: MediaCodec will operate in async mode
08-03 12:57:20.796   532  5713 D MediaCodec: keep callback message for reclaim
08-03 12:57:20.796   430  5719 D C2GoldfishAvcDec: calling onInit
08-03 12:57:20.796   532  5717 W Codec2Client: query -- param skipped: index = 1342179345.
08-03 12:57:20.796   532  5717 W Codec2Client: query -- param skipped: index = 2415921170.
08-03 12:57:20.796   532  5717 W Codec2Client: query -- param skipped: index = 1610614798.
08-03 12:57:20.798   532  5717 W Codec2Client: query -- param skipped: index = 2684356609.
08-03 12:57:20.799   532  5717 D CCodecBufferChannel: [c2.goldfish.h264.decoder#954] Created input block pool with allocatorID 16 => poolID 20 - OK (0)
08-03 12:57:20.800   532  5717 D CCodecBufferChannel: [c2.goldfish.h264.decoder#954] Query output surface allocator returned 0 params => BAD_INDEX (6)
08-03 12:57:20.802   532  5717 I CCodecBufferChannel: [c2.goldfish.h264.decoder#954] Created output block pool with allocatorID 18 => poolID 18 - OK
08-03 12:57:20.803   532  5717 D CCodecBufferChannel: [c2.goldfish.h264.decoder#954] Configured output block pool ids 18 => OK
08-03 12:57:20.804   532  5717 D Codec2-OutputBufferQueue: remote graphic buffer migration 0/0
08-03 12:57:20.804   532  5717 D Codec2Client: setOutputSurface -- failed to set consumer usage (6/BAD_INDEX)
08-03 12:57:20.804   532  5717 D Codec2Client: setOutputSurface -- generation=544770 consumer usage=0x900
08-03 12:57:20.808   476   507 W NativePermissionController: checkPermission: missing 1 for 10092
08-03 12:57:20.809   476   507 W NativePermissionController: checkPermission: missing 3 for 10092
08-03 12:57:20.809   476   507 W NativePermissionController: checkPermission: missing 5 for 10092
08-03 12:57:20.809   476   507 W AudioFlinger: createTrack_l(): mismatch between requested flags (00000008) and output flags (00000002)
08-03 12:57:20.809   476   507 D AudioFlinger: Client defaulted notificationFrames to 11488 for frameCount 22977
08-03 12:57:20.817   686  1818 E AppOps  : attributionTag  not declared in manifest of com.example.chan
08-03 12:57:20.820   532   576 D MediaPlayerService: onAudioDeviceUpdate deviceIds: 2
08-03 12:57:20.823   532  5712 D AudioTrack: getTimestamp_l(19): device stall time corrected using current time 3856168039884
08-03 12:57:20.825   430  1654 D C2BqBuffer: local generation change 544770 , bqId: 24245090385921 migrated buffers # 0
08-03 12:57:20.825   532  5717 D Codec2Client: Surface configure completed
08-03 12:57:20.827   532  5714 W ResourceManagerServiceUtils: Ignoring request to add new resource entry with value <= 0
08-03 12:57:20.827   532  4986 D BufferPoolAccessor2.0: bufferpool2 0xf18c71d8 : 0(0 size) total buffers - 0(0 size) used buffers - 51/59 (recycle/alloc) - 8/62 (fetch/transfer)
08-03 12:57:20.827   532  4986 D BufferPoolAccessor2.0: Destruction - bufferpool2 0xf18c71d8 cached: 0/0M, 0/0% in use; allocs: 59, 86% recycled; transfers: 62, 87% unfetched
08-03 12:57:20.828   430  5719 D SimpleC2Component: Using output block pool with poolID 18 => got 18 - 0
08-03 12:57:20.873  5645  5653 I om.example.chan: Background concurrent mark compact GC freed 8361KB AllocSpace bytes, 73(2196KB) LOS objects, 49% free, 5949KB/11MB, paused 603us,36.570ms total 364.805ms
08-03 12:57:20.875   532  4988 D CCodecBufferChannel: [c2.goldfish.h264.decoder#954] Ignoring stale input buffer done callback: last flush index = 0, frameIndex = 0
08-03 12:57:20.878   476   507 W NativePermissionController: checkPermission: missing 13 for 10092
08-03 12:57:20.878   476   507 W NativePermissionController: checkPermission: missing 13 for 10092
08-03 12:57:20.885   476   507 W NativePermissionController: checkPermission: missing 13 for 10092
08-03 12:57:20.886   476   507 W NativePermissionController: checkPermission: missing 13 for 10092
08-03 12:57:20.907   532  5717 D CCodecConfig: c2 config diff is   c2::u32 raw.crop.height = 852
08-03 12:57:20.907   532  5717 D CCodecConfig:   c2::u32 raw.crop.left = 0
08-03 12:57:20.907   532  5717 D CCodecConfig:   c2::u32 raw.crop.top = 0
08-03 12:57:20.907   532  5717 D CCodecConfig:   c2::u32 raw.crop.width = 480
08-03 12:57:20.909  5645  5709 W MediaPlayerNative: info/warning (3, 0)
08-03 12:57:20.999   686   854 D ActivityManager: freezing 2193 com.android.vending
08-03 12:57:21.006   686   914 D InetDiagMessage: Destroyed 0 sockets, proto=IPPROTO_TCP, family=AF_INET, states=14
08-03 12:57:21.007   686   914 D InetDiagMessage: Destroyed 0 sockets, proto=IPPROTO_TCP, family=AF_INET6, states=14
08-03 12:57:21.007   686   914 D InetDiagMessage: Destroyed live tcp sockets for uids={10048} in 2ms
08-03 12:57:21.292   476   585 D AudioFlinger: mixer(0xee675ce0) throttle end: throttle time(11)
08-03 12:57:21.424   476   585 D AudioFlinger: mixer(0xee675ce0) throttle end: throttle time(9)
08-03 12:57:21.437   532  5704 I NuCachedSource2: caching reached eos.
08-03 12:57:21.542   532  5712 W VideoFrameSchedulerBase: correction beyond limit: -10173839 vs 4999999 (vsyncs for last frame: 2, min: 1) restarting. render=3856910293000
08-03 12:57:21.637   476   585 D AudioFlinger: mixer(0xee675ce0) throttle end: throttle time(11)
08-03 12:57:21.674   476   585 D AudioFlinger: mixer(0xee675ce0) throttle end: throttle time(7)
08-03 12:57:21.945   476   585 D AudioFlinger: mixer(0xee675ce0) throttle end: throttle time(90)
08-03 12:57:22.078   476   585 D AudioFlinger: mixer(0xee675ce0) throttle end: throttle time(9)
08-03 12:57:22.235   532  5714 D CCodecBufferChannel: no latch time for frame 25
08-03 12:57:22.235   532  5714 D CCodecBufferChannel: no latch time for frame 27
08-03 12:57:22.324   476   585 D AudioFlinger: mixer(0xee675ce0) throttle end: throttle time(24)
08-03 12:57:22.531   532  5714 D CCodecBufferChannel: no latch time for frame 30
08-03 12:57:22.556   476   585 D AudioFlinger: mixer(0xee675ce0) throttle end: throttle time(11)
08-03 12:57:22.717   476   585 D AudioFlinger: mixer(0xee675ce0) throttle end: throttle time(19)
08-03 12:57:22.838   532  5714 D CCodecBufferChannel: no latch time for frame 40
08-03 12:57:22.950   476   585 D AudioFlinger: mixer(0xee675ce0) throttle end: throttle time(10)
08-03 12:57:22.951   532  5714 D CCodecBufferChannel: no latch time for frame 43
08-03 12:57:23.008   476   585 D AudioFlinger: mixer(0xee675ce0) throttle end: throttle time(4)
08-03 12:57:23.410   532  5714 D CCodecBufferChannel: no latch time for frame 56
08-03 12:57:23.541   532  5714 D CCodecBufferChannel: no latch time for frame 60
08-03 12:57:23.573   476   585 D AudioFlinger: mixer(0xee675ce0) throttle end: throttle time(5)
08-03 12:57:23.645   532  5714 D CCodecBufferChannel: no latch time for frame 64
08-03 12:57:23.726   532  5714 D CCodecBufferChannel: no latch time for frame 66
08-03 12:57:23.799   532  5714 D CCodecBufferChannel: no latch time for frame 69
08-03 12:57:23.904   686   854 D ActivityManager: freezing 2369 com.google.android.gms.unstable
08-03 12:57:23.934   476   585 D AudioFlinger: mixer(0xee675ce0) throttle end: throttle time(9)
08-03 12:57:24.203   476   585 D AudioFlinger: mixer(0xee675ce0) throttle end: throttle time(2)
08-03 12:57:24.277   476   585 D AudioFlinger: mixer(0xee675ce0) throttle end: throttle time(11)
08-03 12:57:24.907   476   585 D AudioFlinger: mixer(0xee675ce0) throttle end: throttle time(6)
08-03 12:57:24.943   476   585 D AudioFlinger: mixer(0xee675ce0) throttle end: throttle time(18)
08-03 12:57:24.999   532  5714 D CCodecBufferChannel: no latch time for frame 103
08-03 12:57:25.001   532  5714 D CCodecBufferChannel: no latch time for frame 105
08-03 12:57:25.315   532  5714 D CCodecBufferChannel: no latch time for frame 113
08-03 12:57:25.327  5645  5645 W HWUI    : Image decoding logging dropped!
08-03 12:57:25.332   476   585 D AudioFlinger: mixer(0xee675ce0) throttle end: throttle time(11)
08-03 12:57:25.389   476   585 D AudioFlinger: mixer(0xee675ce0) throttle end: throttle time(11)
08-03 12:57:25.402   532  5697 D NuPlayer: onSetVideoSurface(0x0, have video decoder)
08-03 12:57:25.413   532  5714 D CCodecBufferChannel: [c2.goldfish.h264.decoder#954] MediaCodec discarded an unknown buffer
08-03 12:57:25.416   430  5719 D SimpleC2Component: work form old generation: was 1 now 0
08-03 12:57:25.417   532  4956 D PipelineWatcher: onInputBufferReleased: frameIndex not found (142); ignored
08-03 12:57:25.417   532  4956 D CCodecBufferChannel: [c2.goldfish.h264.decoder#954] Ignoring stale input buffer done callback: last flush index = 145, frameIndex = 142
08-03 12:57:25.422   430  1654 D C2BqBuffer: configuring null producer: igbp_information(0)
08-03 12:57:25.426   430  1654 I hw-BpHwBinder: onLastStrongRef automatically unlinking death recipients
08-03 12:57:25.427   430  1654 I GoldfishComponentStore: in ~ComponentModule
08-03 12:57:25.427   430  1654 I GoldfishComponentStore: unloading dll
08-03 12:57:25.427   532  5717 I hw-BpHwBinder: onLastStrongRef automatically unlinking death recipients
08-03 12:57:25.428   532  5714 D SurfaceUtils: disconnecting from surface 0xf6303738, reason disconnectFromSurface
08-03 12:57:25.439   476   585 D AudioFlinger: mixer(0xee675ce0) throttle end: throttle time(20)
08-03 12:57:25.447   532  5713 D SurfaceUtils: connecting to surface 0xf6303738, reason onShutdown
08-03 12:57:25.447   532  4999 D SurfaceUtils: disconnecting from surface 0xf6306678, reason disconnectNativeWindow
08-03 12:57:25.457   532  3294 D NuPlayerDriver: reset(0xf6500b50) at state 5
08-03 12:57:25.458   686  1818 E AppOps  : attributionTag  not declared in manifest of com.example.chan
08-03 12:57:25.469   686  1818 E AppOps  : attributionTag  not declared in manifest of com.example.chan
08-03 12:57:25.470   532  5716 D CCodecBuffers: [c2.android.aac.decoder#273:1D-Output.Impl[N]] Client returned a buffer it does not own according to our record: 0
08-03 12:57:25.470   532  5716 D CCodecBuffers: [c2.android.aac.decoder#273:1D-Output.Impl[N]] Client returned a buffer it does not own according to our record: 1
08-03 12:57:25.470   532  5716 D CCodecBuffers: [c2.android.aac.decoder#273:1D-Output.Impl[N]] Client returned a buffer it does not own according to our record: 2
08-03 12:57:25.470   532  5716 D CCodecBuffers: [c2.android.aac.decoder#273:1D-Output.Impl[N]] Client returned a buffer it does not own according to our record: 3
08-03 12:57:25.471   532  5716 I hw-BpHwBinder: onLastStrongRef automatically unlinking death recipients
08-03 12:57:25.471   545   614 I hw-BpHwBinder: onLastStrongRef automatically unlinking death recipients
08-03 12:57:25.472   545   614 I hw-BpHwBinder: onLastStrongRef automatically unlinking death recipients
08-03 12:57:25.473   545   614 D BufferPoolAccessor2.0: Destruction - bufferpool2 0xe6f84208 cached: 0/0M, 0/0% in use; allocs: 0, 0% recycled; transfers: 0, 0% unfetched
08-03 12:57:25.475   532  5697 D NuPlayerDriver: notifyResetComplete(0xf6500b50)
08-03 12:57:25.475   532  3294 D NuPlayerDriver: reset(0xf6500b50) at state 0
08-03 12:57:25.476   532  3294 D AudioTrack: stop(19): called with 0 frames delivered
08-03 12:57:25.476  5645  5645 V MediaPlayer: resetDrmState:  mDrmInfo=null mDrmProvisioningThread=null mPrepareDrmInProgress=false mActiveDrmScheme=false
08-03 12:57:25.476  5645  5645 V MediaPlayer: cleanDrmObj: mDrmObj=null mDrmSessionId=null
08-03 12:57:25.476  5645  5645 V MediaPlayer: resetDrmState:  mDrmInfo=null mDrmProvisioningThread=null mPrepareDrmInProgress=false mActiveDrmScheme=false
08-03 12:57:25.476  5645  5645 V MediaPlayer: cleanDrmObj: mDrmObj=null mDrmSessionId=null
08-03 12:57:25.476   686  1818 E AppOps  : attributionTag  not declared in manifest of com.example.chan
08-03 12:57:25.488  5645  5645 D CardPresenter: Binding thread: Thread(no=5858176, sub=null, com=null, semantic_url=null, replies=2, tim=null)
08-03 12:57:25.491  5645  5645 D CardPresenter: Binding thread: Thread(no=5934834, sub=null, com=null, semantic_url=null, replies=142, tim=null)
08-03 12:57:25.494  5645  5645 D CardPresenter: Binding thread: Thread(no=5933713, sub=null, com=null, semantic_url=null, replies=133, tim=null)
08-03 12:57:25.499  5645  5645 D CardPresenter: Binding thread: Thread(no=5937796, sub=null, com=null, semantic_url=null, replies=101, tim=null)
08-03 12:57:25.740   532  4980 D BufferPoolAccessor2.0: evictor expired: 1, evicted: 0
08-03 12:57:25.946  5645  5645 D ChanApi : Parsed 151 threads.
08-03 12:57:25.946  5645  5645 D MainFragment: Fetched 151 threads.
08-03 12:57:25.946  5645  5645 D MainFragment: Thread details: Thread(no=5858176, sub=null, com=null, semantic_url=null, replies=2, tim=null)
08-03 12:57:25.946  5645  5645 D MainFragment: Thread details: Thread(no=5934834, sub=null, com=null, semantic_url=null, replies=142, tim=null)
08-03 12:57:25.946  5645  5645 D MainFragment: Thread details: Thread(no=5933713, sub=null, com=null, semantic_url=null, replies=133, tim=null)
08-03 12:57:25.946  5645  5645 D MainFragment: Thread details: Thread(no=5937796, sub=null, com=null, semantic_url=null, replies=101, tim=null)
08-03 12:57:25.946  5645  5645 D MainFragment: Thread details: Thread(no=5932482, sub=null, com=null, semantic_url=null, replies=192, tim=null)
08-03 12:57:25.956  5645  5645 W Glide   : Failed to find GeneratedAppGlideModule. You should include an annotationProcessor compile dependency on com.github.bumptech.glide:compiler in your application and a @GlideModule annotated AppGlideModule implementation or LibraryGlideModules will be silently ignored
08-03 12:57:25.979   686   830 D ConnectivityService: requestNetwork for uid/pid:10092/5645 activeRequest: null callbackRequest: 191 [NetworkRequest [ REQUEST id=192, [ Capabilities: INTERNET&NOT_RESTRICTED&TRUSTED&NOT_VCN_MANAGED&NOT_BANDWIDTH_CONSTRAINED Uid: 10092 RequestorUid: 10092 RequestorPkg: com.example.chan UnderlyingNetworks: Null] ]] callback flags: 0 order: 2147483647 isUidTracked: false declaredMethods: AVAIL|LOST
08-03 12:57:25.982   686   907 D UntrustedWifiNetworkFactory: got request NetworkRequest [ REQUEST id=192, [ Capabilities: INTERNET&NOT_RESTRICTED&TRUSTED&NOT_VCN_MANAGED&NOT_BANDWIDTH_CONSTRAINED Uid: 10092 RequestorUid: 10092 RequestorPkg: com.example.chan UnderlyingNetworks: Null] ]
08-03 12:57:25.983   686   913 D EthernetNetworkFactory: eth0: onNetworkNeeded for request: NetworkRequest [ REQUEST id=192, [ Capabilities: INTERNET&NOT_RESTRICTED&TRUSTED&NOT_VCN_MANAGED&NOT_BANDWIDTH_CONSTRAINED Uid: 10092 RequestorUid: 10092 RequestorPkg: com.example.chan UnderlyingNetworks: Null] ]
08-03 12:57:25.983   686   913 D EthernetNetworkFactory: IpClient already started
08-03 12:57:25.983   686   907 D OemPaidWifiNetworkFactory: got request NetworkRequest [ REQUEST id=192, [ Capabilities: INTERNET&NOT_RESTRICTED&TRUSTED&NOT_VCN_MANAGED&NOT_BANDWIDTH_CONSTRAINED Uid: 10092 RequestorUid: 10092 RequestorPkg: com.example.chan UnderlyingNetworks: Null] ]
08-03 12:57:25.983   686   914 D ConnectivityService: NetReassign [192 : null  100] [c 1] [a 0] [i 3]
08-03 12:57:25.983   686   907 D MultiInternetWifiNetworkFactory: got request NetworkRequest [ REQUEST id=192, [ Capabilities: INTERNET&NOT_RESTRICTED&TRUSTED&NOT_VCN_MANAGED&NOT_BANDWIDTH_CONSTRAINED Uid: 10092 RequestorUid: 10092 RequestorPkg: com.example.chan UnderlyingNetworks: Null] ]
08-03 12:57:25.997  5645  5645 D CardPresenter: Binding thread: Thread(no=5858176, sub=null, com=null, semantic_url=null, replies=2, tim=null)
08-03 12:57:26.003  5645  5645 D CardPresenter: Binding thread: Thread(no=5934834, sub=null, com=null, semantic_url=null, replies=142, tim=null)
08-03 12:57:26.007  5645  5645 D CardPresenter: Binding thread: Thread(no=5933713, sub=null, com=null, semantic_url=null, replies=133, tim=null)
08-03 12:57:26.010  5645  5645 D CardPresenter: Binding thread: Thread(no=5937796, sub=null, com=null, semantic_url=null, replies=101, tim=null)
08-03 12:57:26.425   430  4997 D C2BqPoolInvalidator: invalidated 1 bqpool items
08-03 12:57:26.737   545   604 D BufferPoolAccessor2.0: evictor expired: 1, evicted: 0
08-03 12:57:26.740   532  4980 D BufferPoolAccessor2.0: evictor expired: 1, evicted: 0
08-03 12:57:28.259  1428  1428 D BoundBrokerSvc: onUnbind: Intent { act=com.google.android.gms.auth.service.START xflg=0x4 pkg=com.google.android.gms }
08-03 12:57:28.464   425  4180 D android.hardware.audio@7.1-impl.ranchu: threadLoop: entering standby, frames: 4633792
08-03 12:57:28.465   425  4180 D android.hardware.audio@7.1-impl.ranchu: ~TinyalsaSink: stopping PCM stream
08-03 12:57:28.465   425  4180 D android.hardware.audio@7.1-impl.ranchu: ~TinyalsaSink: joining consumeThread
08-03 12:57:28.465   425  5720 D android.hardware.audio@7.1-impl.ranchu: consumeThread: exiting
